// Jest Snapshot v1, https://goo.gl/fbAQLP

exports[`Recipe Card Component matches the snapshot 1`] = `
<section
  id="sidebar"
>
  <h1>
    Sidebar
  </h1>
  <button>
    Close Sidebar
  </button>
</section>
`;
