// Jest Snapshot v1, https://goo.gl/fbAQLP

exports[`Recipe Card Component matches the snapshot 1`] = `
<p
  class="recipe-card"
>
  Recipe Card
</p>
`;
